// Jest Snapshot v1, https://goo.gl/fbAQLP

exports[`QueryGroupDetails matches snapshot 1`] = `
<div>
  <div>
    <div
      class="euiFlexGrid euiFlexGrid--gutterLarge euiFlexGrid--halves euiFlexGrid--responsive"
    >
      <h1
        class="euiTitle euiTitle--large"
      >
        Query group details
      </h1>
      <span
        class="euiToolTipAnchor"
      >
        <svg
          aria-label="Details tooltip"
          class="euiIcon euiIcon--medium"
          focusable="true"
          height="16"
          role="img"
          tabindex="0"
          viewBox="0 0 16 16"
          width="16"
          xmlns="http://www.w3.org/2000/svg"
        >
          <path
            d="M7.5 11.508 7.468 8H6.25V7h2.401l.03 3.508H9.8v1H7.5Zm-.25-6.202a.83.83 0 0 1 .207-.577c.137-.153.334-.229.59-.229.256 0 .454.076.594.23.14.152.209.345.209.576 0 .228-.07.417-.21.568-.14.15-.337.226-.593.226-.256 0-.453-.075-.59-.226a.81.81 0 0 1-.207-.568ZM8 13A5 5 0 1 0 8 3a5 5 0 0 0 0 10Zm0 1A6 6 0 1 1 8 2a6 6 0 0 1 0 12Z"
            fill-rule="evenodd"
          />
        </svg>
      </span>
    </div>
    <div
      class="euiSpacer euiSpacer--l"
    />
    <div
      class="euiFlexItem"
    >
      <div
        class="euiPanel euiPanel--paddingMedium euiPanel--borderRadiusMedium euiPanel--plain euiPanel--hasShadow"
      >
        <h2
          class="euiTitle euiTitle--small"
        >
          Aggregate summary for 
          8
           
          queries
        </h2>
        <hr
          class="euiHorizontalRule euiHorizontalRule--full euiHorizontalRule--marginXSmall"
        />
        <div
          class="euiFlexGrid euiFlexGrid--gutterLarge euiFlexGrid--fourths euiFlexGrid--responsive"
        >
          <div
            class="euiFlexItem"
          >
            <dl
              class="euiDescriptionList euiDescriptionList--row euiDescriptionList--compressed"
            >
              <dt
                class="euiDescriptionList__title"
              >
                <h4>
                  Id
                </h4>
              </dt>
              <dd
                class="euiDescriptionList__description"
              >
                8c1e50c035663459d567fa11d8eb494d
              </dd>
            </dl>
          </div>
          <div
            class="euiFlexItem"
          >
            <dl
              class="euiDescriptionList euiDescriptionList--row euiDescriptionList--compressed"
            >
              <dt
                class="euiDescriptionList__title"
              >
                <h4>
                  Average Latency
                </h4>
              </dt>
              <dd
                class="euiDescriptionList__description"
              >
                2.50 ms
              </dd>
            </dl>
          </div>
          <div
            class="euiFlexItem"
          >
            <dl
              class="euiDescriptionList euiDescriptionList--row euiDescriptionList--compressed"
            >
              <dt
                class="euiDescriptionList__title"
              >
                <h4>
                  Average CPU Time
                </h4>
              </dt>
              <dd
                class="euiDescriptionList__description"
              >
                1.42 ms
              </dd>
            </dl>
          </div>
          <div
            class="euiFlexItem"
          >
            <dl
              class="euiDescriptionList euiDescriptionList--row euiDescriptionList--compressed"
            >
              <dt
                class="euiDescriptionList__title"
              >
                <h4>
                  Average Memory Usage
                </h4>
              </dt>
              <dd
                class="euiDescriptionList__description"
              >
                16528.00 B
              </dd>
            </dl>
          </div>
          <div
            class="euiFlexItem"
          >
            <dl
              class="euiDescriptionList euiDescriptionList--row euiDescriptionList--compressed"
            >
              <dt
                class="euiDescriptionList__title"
              >
                <h4>
                  Group by
                </h4>
              </dt>
              <dd
                class="euiDescriptionList__description"
              >
                SIMILARITY
              </dd>
            </dl>
          </div>
        </div>
      </div>
    </div>
    <div
      class="euiSpacer euiSpacer--l"
    />
    <div
      class="euiSpacer euiSpacer--l"
    />
    <div
      class="euiFlexGrid euiFlexGrid--gutterLarge euiFlexGrid--halves euiFlexGrid--responsive"
    >
      <h1
        class="euiTitle euiTitle--large"
      >
        Sample query details
      </h1>
      <span
        class="euiToolTipAnchor"
      >
        <svg
          aria-label="Details tooltip"
          class="euiIcon euiIcon--medium"
          focusable="true"
          height="16"
          role="img"
          tabindex="0"
          viewBox="0 0 16 16"
          width="16"
          xmlns="http://www.w3.org/2000/svg"
        >
          <path
            d="M7.5 11.508 7.468 8H6.25V7h2.401l.03 3.508H9.8v1H7.5Zm-.25-6.202a.83.83 0 0 1 .207-.577c.137-.153.334-.229.59-.229.256 0 .454.076.594.23.14.152.209.345.209.576 0 .228-.07.417-.21.568-.14.15-.337.226-.593.226-.256 0-.453-.075-.59-.226a.81.81 0 0 1-.207-.568ZM8 13A5 5 0 1 0 8 3a5 5 0 0 0 0 10Zm0 1A6 6 0 1 1 8 2a6 6 0 0 1 0 12Z"
            fill-rule="evenodd"
          />
        </svg>
      </span>
    </div>
    <div
      class="euiSpacer euiSpacer--l"
    />
    <div
      class="euiFlexItem"
    >
      <div
        class="euiPanel euiPanel--paddingMedium euiPanel--borderRadiusMedium euiPanel--plain euiPanel--hasShadow"
      >
        <h2
          class="euiTitle euiTitle--small"
        >
          Sample query summary
        </h2>
        <hr
          class="euiHorizontalRule euiHorizontalRule--full euiHorizontalRule--marginXSmall"
        />
        <div
          class="euiFlexGrid euiFlexGrid--gutterLarge euiFlexGrid--fourths euiFlexGrid--responsive"
        >
          <div
            class="euiFlexItem"
          >
            <dl
              class="euiDescriptionList euiDescriptionList--row euiDescriptionList--compressed"
            >
              <dt
                class="euiDescriptionList__title"
              >
                <h4>
                  Timestamp
                </h4>
              </dt>
              <dd
                class="euiDescriptionList__description"
              >
                Sep 24, 2021 @ 12:00:00 AM
              </dd>
            </dl>
          </div>
          <div
            class="euiFlexItem"
          >
            <dl
              class="euiDescriptionList euiDescriptionList--row euiDescriptionList--compressed"
            >
              <dt
                class="euiDescriptionList__title"
              >
                <h4>
                  Indices
                </h4>
              </dt>
              <dd
                class="euiDescriptionList__description"
              >
                my-index
              </dd>
            </dl>
          </div>
          <div
            class="euiFlexItem"
          >
            <dl
              class="euiDescriptionList euiDescriptionList--row euiDescriptionList--compressed"
            >
              <dt
                class="euiDescriptionList__title"
              >
                <h4>
                  Search Type
                </h4>
              </dt>
              <dd
                class="euiDescriptionList__description"
              >
                query then fetch
              </dd>
            </dl>
          </div>
          <div
            class="euiFlexItem"
          >
            <dl
              class="euiDescriptionList euiDescriptionList--row euiDescriptionList--compressed"
            >
              <dt
                class="euiDescriptionList__title"
              >
                <h4>
                  Coordinator Node ID
                </h4>
              </dt>
              <dd
                class="euiDescriptionList__description"
              >
                HjvgxQ4AQTiddd43OV7pJA
              </dd>
            </dl>
          </div>
          <div
            class="euiFlexItem"
          >
            <dl
              class="euiDescriptionList euiDescriptionList--row euiDescriptionList--compressed"
            >
              <dt
                class="euiDescriptionList__title"
              >
                <h4>
                  Total Shards
                </h4>
              </dt>
              <dd
                class="euiDescriptionList__description"
              >
                1
              </dd>
            </dl>
          </div>
        </div>
      </div>
      <div
        class="euiSpacer euiSpacer--m"
      />
      <div
        class="euiFlexGrid euiFlexGrid--gutterLarge euiFlexGrid--halves euiFlexGrid--responsive"
      >
        <div
          class="euiFlexItem euiFlexItem--flexGrow1"
        >
          <div
            class="euiPanel euiPanel--paddingMedium euiPanel--borderRadiusMedium euiPanel--plain euiPanel--hasShadow"
          >
            <div
              class="euiFlexGroup euiFlexGroup--gutterLarge euiFlexGroup--alignItemsCenter euiFlexGroup--justifyContentSpaceBetween euiFlexGroup--directionRow euiFlexGroup--responsive"
            >
              <div
                class="euiFlexItem"
              >
                <h2
                  class="euiTitle euiTitle--xsmall"
                >
                  Query
                </h2>
              </div>
            </div>
            <hr
              class="euiHorizontalRule euiHorizontalRule--full euiHorizontalRule--marginXSmall"
            />
            <div
              class="euiSpacer euiSpacer--xs"
            />
            <div
              class="euiCodeBlock euiCodeBlock--fontSmall euiCodeBlock--paddingMedium euiCodeBlock--hasControls prismjs language-jsx"
              style="max-height: 600px;"
            >
              <pre
                class="euiCodeBlock__pre euiCodeBlock__pre--whiteSpacePreWrap"
                style="max-height: 600px;"
                tabindex="-1"
              >
                <code
                  class="euiCodeBlock__code jsx"
                >
                  <span
                    class="euiCodeBlock__line"
                  >
                    <span
                      class="token punctuation"
                    >
                      {
                    </span>
                    

                  </span>
                  <span
                    class="euiCodeBlock__line"
                  >
                      
                    <span
                      class="token string-property property"
                    >
                      "size"
                    </span>
                    <span
                      class="token operator"
                    >
                      :
                    </span>
                     
                    <span
                      class="token number"
                    >
                      0
                    </span>
                    <span
                      class="token punctuation"
                    >
                      ,
                    </span>
                    

                  </span>
                  <span
                    class="euiCodeBlock__line"
                  >
                      
                    <span
                      class="token string-property property"
                    >
                      "aggregations"
                    </span>
                    <span
                      class="token operator"
                    >
                      :
                    </span>
                     
                    <span
                      class="token punctuation"
                    >
                      {
                    </span>
                    

                  </span>
                  <span
                    class="euiCodeBlock__line"
                  >
                        
                    <span
                      class="token string-property property"
                    >
                      "average_age"
                    </span>
                    <span
                      class="token operator"
                    >
                      :
                    </span>
                     
                    <span
                      class="token punctuation"
                    >
                      {
                    </span>
                    

                  </span>
                  <span
                    class="euiCodeBlock__line"
                  >
                          
                    <span
                      class="token string-property property"
                    >
                      "avg"
                    </span>
                    <span
                      class="token operator"
                    >
                      :
                    </span>
                     
                    <span
                      class="token punctuation"
                    >
                      {
                    </span>
                    

                  </span>
                  <span
                    class="euiCodeBlock__line"
                  >
                            
                    <span
                      class="token string-property property"
                    >
                      "field"
                    </span>
                    <span
                      class="token operator"
                    >
                      :
                    </span>
                     
                    <span
                      class="token string"
                    >
                      "age"
                    </span>
                    

                  </span>
                  <span
                    class="euiCodeBlock__line"
                  >
                          
                    <span
                      class="token punctuation"
                    >
                      }
                    </span>
                    

                  </span>
                  <span
                    class="euiCodeBlock__line"
                  >
                        
                    <span
                      class="token punctuation"
                    >
                      }
                    </span>
                    

                  </span>
                  <span
                    class="euiCodeBlock__line"
                  >
                      
                    <span
                      class="token punctuation"
                    >
                      }
                    </span>
                    

                  </span>
                  <span
                    class="euiCodeBlock__line"
                  >
                    
                    <span
                      class="token punctuation"
                    >
                      }
                    </span>
                  </span>
                </code>
              </pre>
              <div
                class="euiCodeBlock__controls"
              >
                <button
                  aria-label="Expand"
                  class="euiButtonIcon euiButtonIcon--text euiButtonIcon--empty euiButtonIcon--xSmall euiCodeBlock__fullScreenButton"
                  type="button"
                >
                  <svg
                    aria-hidden="true"
                    class="euiIcon euiIcon--medium euiIcon--inherit euiButtonIcon__icon"
                    focusable="false"
                    height="16"
                    role="img"
                    viewBox="0 0 16 16"
                    width="16"
                    xmlns="http://www.w3.org/2000/svg"
                  >
                    <path
                      d="M13 3v4h-1V4H9V3h4ZM3 3h4v1H4v3H3V3Zm10 10H9v-1h3V9h1v4ZM3 13V9h1v3h3v1H3ZM0 1.994C0 .893.895 0 1.994 0h12.012C15.107 0 16 .895 16 1.994v12.012A1.995 1.995 0 0 1 14.006 16H1.994A1.995 1.995 0 0 1 0 14.006V1.994Zm1 0v12.012c0 .548.446.994.994.994h12.012a.995.995 0 0 0 .994-.994V1.994A.995.995 0 0 0 14.006 1H1.994A.995.995 0 0 0 1 1.994Z"
                      fill-rule="evenodd"
                    />
                  </svg>
                </button>
                <div
                  class="euiCodeBlock__copyButton"
                >
                  <span
                    class="euiToolTipAnchor"
                  >
                    <button
                      aria-label="Copy"
                      class="euiButtonIcon euiButtonIcon--text euiButtonIcon--empty euiButtonIcon--xSmall"
                      type="button"
                    >
                      <svg
                        aria-hidden="true"
                        class="euiIcon euiIcon--medium euiIcon--inherit euiButtonIcon__icon"
                        focusable="false"
                        height="16"
                        role="img"
                        viewBox="0 0 16 16"
                        width="16"
                        xmlns="http://www.w3.org/2000/svg"
                      >
                        <path
                          d="M11.4 0c.235 0 .46.099.622.273l2.743 3c.151.162.235.378.235.602v9.25a.867.867 0 0 1-.857.875H3.857A.867.867 0 0 1 3 13.125V.875C3 .392 3.384 0 3.857 0H11.4ZM14 4h-2.6a.4.4 0 0 1-.4-.4V1H4v12h10V4Z"
                        />
                        <path
                          d="M3 1H2a1 1 0 0 0-1 1v13a1 1 0 0 0 1 1h10a1 1 0 0 0 1-1v-1h-1v1H2V2h1V1Z"
                        />
                      </svg>
                    </button>
                  </span>
                </div>
              </div>
            </div>
          </div>
        </div>
        <div
          class="euiFlexItem euiFlexItem--flexGrow1"
          style="align-self: start;"
        >
          <div
            class="euiPanel euiPanel--paddingMedium euiPanel--borderRadiusMedium euiPanel--plain euiPanel--hasShadow"
          >
            <h2
              class="euiTitle euiTitle--small"
            >
              Latency
            </h2>
            <hr
              class="euiHorizontalRule euiHorizontalRule--full euiHorizontalRule--marginXSmall"
            />
            <div
              id="latency"
            />
          </div>
        </div>
      </div>
    </div>
  </div>
</div>
`;
