// Jest Snapshot v1, https://goo.gl/fbAQLP

exports[`InflightQueries matches snapshot 1`] = `
<div>
  <div>
    <div
      class="euiSpacer euiSpacer--m"
    />
    <div
      class="euiFlexGroup euiFlexGroup--gutterMedium euiFlexGroup--alignItemsCenter euiFlexGroup--justifyContentSpaceBetween euiFlexGroup--directionRow euiFlexGroup--responsive"
    >
      <div
        class="euiFlexItem"
      />
      <div
        class="euiFlexItem euiFlexItem--flexGrowZero"
      >
        <div
          class="euiFlexGroup euiFlexGroup--gutterSmall euiFlexGroup--alignItemsCenter euiFlexGroup--directionRow"
        >
          <div
            class="euiFlexItem euiFlexItem--flexGrowZero"
          >
            <div
              class="euiSwitch euiSwitch--primary"
            >
              <button
                aria-checked="true"
                aria-labelledby="random_html_id"
                class="euiSwitch__button"
                data-test-subj="live-queries-autorefresh-toggle"
                id="random_html_id"
                role="switch"
                type="button"
              >
                <span
                  class="euiSwitch__body"
                >
                  <span
                    class="euiSwitch__thumb"
                  />
                  <span
                    class="euiSwitch__track"
                  >
                    <svg
                      aria-hidden="true"
                      class="euiIcon euiIcon--medium euiIcon-isLoading euiSwitch__icon"
                      focusable="false"
                      height="16"
                      role="img"
                      viewBox="0 0 16 16"
                      width="16"
                      xmlns="http://www.w3.org/2000/svg"
                    >
                      <path
                        d="M5.277 10.088c.02.014.04.03.057.047.582.55 1.134.812 1.666.812.586 0 1.84-.293 3.713-.88L9 6.212V2H7v4.212l-1.723 3.876Zm-.438.987L3.539 14h8.922l-1.32-2.969C9.096 11.677 7.733 12 7 12c-.74 0-1.463-.315-2.161-.925ZM6 2H5V1h6v1h-1v4l3.375 7.594A1 1 0 0 1 12.461 15H3.54a1 1 0 0 1-.914-1.406L6 6V2Z"
                      />
                    </svg>
                    <svg
                      aria-hidden="true"
                      class="euiIcon euiIcon--medium euiIcon-isLoading euiSwitch__icon euiSwitch__icon--checked"
                      focusable="false"
                      height="16"
                      role="img"
                      viewBox="0 0 16 16"
                      width="16"
                      xmlns="http://www.w3.org/2000/svg"
                    >
                      <path
                        d="M5.277 10.088c.02.014.04.03.057.047.582.55 1.134.812 1.666.812.586 0 1.84-.293 3.713-.88L9 6.212V2H7v4.212l-1.723 3.876Zm-.438.987L3.539 14h8.922l-1.32-2.969C9.096 11.677 7.733 12 7 12c-.74 0-1.463-.315-2.161-.925ZM6 2H5V1h6v1h-1v4l3.375 7.594A1 1 0 0 1 12.461 15H3.54a1 1 0 0 1-.914-1.406L6 6V2Z"
                      />
                    </svg>
                  </span>
                </span>
              </button>
              <span
                class="euiSwitch__label"
                id="random_html_id"
              >
                Auto-refresh
              </span>
            </div>
          </div>
          <div
            class="euiFlexItem euiFlexItem--flexGrowZero"
          >
            <div
              class="euiFormRow euiFormRow--compressed euiFormRow--horizontal"
              id="random_html_id-row"
            >
              <div
                class="euiFormRow__fieldWrapper"
              >
                <div
                  class="euiFormControlLayout euiFormControlLayout--compressed"
                >
                  <div
                    class="euiFormControlLayout__childrenWrapper"
                  >
                    <select
                      class="euiSelect euiSelect--compressed"
                      data-test-subj="live-queries-refresh-interval"
                      id="random_html_id"
                      style="min-width: 140px;"
                    >
                      <option
                        value="5000"
                      >
                        5 seconds
                      </option>
                      <option
                        value="10000"
                      >
                        10 seconds
                      </option>
                      <option
                        value="30000"
                      >
                        30 seconds
                      </option>
                      <option
                        value="60000"
                      >
                        1 minute
                      </option>
                    </select>
                    <div
                      class="euiFormControlLayoutIcons euiFormControlLayoutIcons--right"
                    >
                      <span
                        class="euiFormControlLayoutCustomIcon"
                      >
                        <svg
                          aria-hidden="true"
                          class="euiIcon euiIcon--small euiIcon-isLoading euiFormControlLayoutCustomIcon__icon"
                          focusable="false"
                          height="16"
                          role="img"
                          viewBox="0 0 16 16"
                          width="16"
                          xmlns="http://www.w3.org/2000/svg"
                        >
                          <path
                            d="M5.277 10.088c.02.014.04.03.057.047.582.55 1.134.812 1.666.812.586 0 1.84-.293 3.713-.88L9 6.212V2H7v4.212l-1.723 3.876Zm-.438.987L3.539 14h8.922l-1.32-2.969C9.096 11.677 7.733 12 7 12c-.74 0-1.463-.315-2.161-.925ZM6 2H5V1h6v1h-1v4l3.375 7.594A1 1 0 0 1 12.461 15H3.54a1 1 0 0 1-.914-1.406L6 6V2Z"
                          />
                        </svg>
                      </span>
                    </div>
                  </div>
                </div>
              </div>
            </div>
          </div>
          <div
            class="euiFlexItem euiFlexItem--flexGrowZero"
          >
            <button
              class="euiButton euiButton--primary"
              data-test-subj="live-queries-refresh-button"
              type="button"
            >
              <span
                class="euiButtonContent euiButton__content"
              >
                <svg
                  aria-hidden="true"
                  class="euiIcon euiIcon--medium euiIcon--inherit euiIcon-isLoading euiButtonContent__icon"
                  focusable="false"
                  height="16"
                  role="img"
                  viewBox="0 0 16 16"
                  width="16"
                  xmlns="http://www.w3.org/2000/svg"
                >
                  <path
                    d="M5.277 10.088c.02.014.04.03.057.047.582.55 1.134.812 1.666.812.586 0 1.84-.293 3.713-.88L9 6.212V2H7v4.212l-1.723 3.876Zm-.438.987L3.539 14h8.922l-1.32-2.969C9.096 11.677 7.733 12 7 12c-.74 0-1.463-.315-2.161-.925ZM6 2H5V1h6v1h-1v4l3.375 7.594A1 1 0 0 1 12.461 15H3.54a1 1 0 0 1-.914-1.406L6 6V2Z"
                  />
                </svg>
                <span
                  class="euiButton__text"
                >
                  Refresh
                </span>
              </span>
            </button>
          </div>
        </div>
      </div>
    </div>
    <div
      class="euiSpacer euiSpacer--m"
    />
    <div
      class="euiFlexGroup euiFlexGroup--gutterLarge euiFlexGroup--directionRow euiFlexGroup--responsive"
    >
      <div
        class="euiFlexItem"
      >
        <div
          class="euiPanel euiPanel--paddingMedium euiPanel--borderRadiusMedium euiPanel--plain euiPanel--hasShadow"
          data-test-subj="panel-active-queries"
        >
          <div
            class="euiFlexItem"
          >
            <div
              class="euiTextAlign euiTextAlign--center"
            >
              <div
                class="euiText euiText--small"
              >
                <p>
                  Active queries
                </p>
              </div>
              <h2
                class="euiTitle euiTitle--large"
              >
                <b>
                  0
                </b>
              </h2>
              <svg
                aria-hidden="true"
                class="euiIcon euiIcon--medium euiIcon-isLoading"
                focusable="false"
                height="16"
                role="img"
                viewBox="0 0 16 16"
                width="16"
                xmlns="http://www.w3.org/2000/svg"
              >
                <path
                  d="M5.277 10.088c.02.014.04.03.057.047.582.55 1.134.812 1.666.812.586 0 1.84-.293 3.713-.88L9 6.212V2H7v4.212l-1.723 3.876Zm-.438.987L3.539 14h8.922l-1.32-2.969C9.096 11.677 7.733 12 7 12c-.74 0-1.463-.315-2.161-.925ZM6 2H5V1h6v1h-1v4l3.375 7.594A1 1 0 0 1 12.461 15H3.54a1 1 0 0 1-.914-1.406L6 6V2Z"
                />
              </svg>
            </div>
          </div>
        </div>
      </div>
      <div
        class="euiFlexItem"
      >
        <div
          class="euiPanel euiPanel--paddingMedium euiPanel--borderRadiusMedium euiPanel--plain euiPanel--hasShadow"
          data-test-subj="panel-avg-elapsed-time"
        >
          <div
            class="euiFlexItem"
          >
            <div
              class="euiTextAlign euiTextAlign--center"
            >
              <div
                class="euiText euiText--small"
              >
                <p>
                  Avg. elapsed time
                </p>
              </div>
              <h2
                class="euiTitle euiTitle--large"
              >
                <b>
                  0
                </b>
              </h2>
              <div
                class="euiText euiText--small"
              >
                <p>
                  (Avg. across 
                  0
                  )
                </p>
              </div>
            </div>
          </div>
        </div>
      </div>
      <div
        class="euiFlexItem"
      >
        <div
          class="euiPanel euiPanel--paddingMedium euiPanel--borderRadiusMedium euiPanel--plain euiPanel--hasShadow"
          data-test-subj="panel-longest-query"
        >
          <div
            class="euiFlexItem"
          >
            <div
              class="euiTextAlign euiTextAlign--center"
            >
              <div
                class="euiText euiText--small"
              >
                <p>
                  Longest running query
                </p>
              </div>
              <h2
                class="euiTitle euiTitle--large"
              >
                <b>
                  0
                </b>
              </h2>
            </div>
          </div>
        </div>
      </div>
      <div
        class="euiFlexItem"
      >
        <div
          class="euiPanel euiPanel--paddingMedium euiPanel--borderRadiusMedium euiPanel--plain euiPanel--hasShadow"
          data-test-subj="panel-total-cpu"
        >
          <div
            class="euiFlexItem"
          >
            <div
              class="euiTextAlign euiTextAlign--center"
            >
              <div
                class="euiText euiText--small"
              >
                <p>
                  Total CPU usage
                </p>
              </div>
              <h2
                class="euiTitle euiTitle--large"
              >
                <b>
                  0
                </b>
              </h2>
              <div
                class="euiText euiText--small"
              >
                <p>
                  (Sum across 
                  0
                  )
                </p>
              </div>
            </div>
          </div>
        </div>
      </div>
      <div
        class="euiFlexItem"
      >
        <div
          class="euiPanel euiPanel--paddingMedium euiPanel--borderRadiusMedium euiPanel--plain euiPanel--hasShadow"
          data-test-subj="panel-total-memory"
        >
          <div
            class="euiFlexItem"
          >
            <div
              class="euiTextAlign euiTextAlign--center"
            >
              <div
                class="euiText euiText--small"
              >
                <p>
                  Total memory usage
                </p>
              </div>
              <h2
                class="euiTitle euiTitle--large"
              >
                <b>
                  0
                </b>
              </h2>
              <div
                class="euiText euiText--small"
              >
                <p>
                  (Sum across 
                  0
                  )
                </p>
              </div>
            </div>
          </div>
        </div>
      </div>
    </div>
    <div
      class="euiFlexGroup euiFlexGroup--gutterLarge euiFlexGroup--directionRow euiFlexGroup--responsive"
    >
      <div
        class="euiFlexItem"
      >
        <div
          class="euiPanel euiPanel--paddingMedium euiPanel--borderRadiusMedium euiPanel--plain euiPanel--hasShadow"
        >
          <div
            class="euiFlexGroup euiFlexGroup--gutterLarge euiFlexGroup--alignItemsCenter euiFlexGroup--justifyContentSpaceBetween euiFlexGroup--directionRow euiFlexGroup--responsive"
          >
            <p
              class="euiTitle euiTitle--xsmall"
            >
              Queries by Node
            </p>
            <fieldset
              class="euiButtonGroup euiButtonGroup--small euiButtonGroup--primary"
            >
              <legend
                class="euiScreenReaderOnly"
              >
                Chart Type
              </legend>
              <div
                class="euiButtonGroup__buttons"
              >
                <label
                  class="euiButtonGroupButton euiButtonGroupButton--primary euiButtonGroupButton--small euiButtonGroupButton--fill euiButtonGroupButton-isSelected"
                  for="random_html_id"
                >
                  <span
                    class="euiButtonContent euiButton__content"
                  >
                    <svg
                      aria-hidden="true"
                      aria-labelledby="random_html_id"
                      class="euiIcon euiIcon--medium euiIcon--inherit euiIcon-isLoading euiButtonContent__icon"
                      focusable="false"
                      height="16"
                      role="img"
                      viewBox="0 0 16 16"
                      width="16"
                      xmlns="http://www.w3.org/2000/svg"
                    >
                      <title
                        id="random_html_id"
                      >
                        Donut
                      </title>
                      <path
                        d="M5.277 10.088c.02.014.04.03.057.047.582.55 1.134.812 1.666.812.586 0 1.84-.293 3.713-.88L9 6.212V2H7v4.212l-1.723 3.876Zm-.438.987L3.539 14h8.922l-1.32-2.969C9.096 11.677 7.733 12 7 12c-.74 0-1.463-.315-2.161-.925ZM6 2H5V1h6v1h-1v4l3.375 7.594A1 1 0 0 1 12.461 15H3.54a1 1 0 0 1-.914-1.406L6 6V2Z"
                      />
                    </svg>
                    <span
                      class="euiButton__text euiButtonGroupButton__textShift"
                      data-text="Donut"
                      title="Donut"
                    >
                      <input
                        checked=""
                        class="euiScreenReaderOnly"
                        data-test-subj="donut"
                        id="random_html_id"
                        name="random_html_id"
                        type="radio"
                        value=""
                      />
                      Donut
                    </span>
                  </span>
                </label>
                <label
                  class="euiButtonGroupButton euiButtonGroupButton--primary euiButtonGroupButton--small"
                  for="random_html_id"
                >
                  <span
                    class="euiButtonContent euiButton__content"
                  >
                    <svg
                      aria-hidden="true"
                      aria-labelledby="random_html_id"
                      class="euiIcon euiIcon--medium euiIcon--inherit euiIcon-isLoading euiButtonContent__icon"
                      focusable="false"
                      height="16"
                      role="img"
                      viewBox="0 0 16 16"
                      width="16"
                      xmlns="http://www.w3.org/2000/svg"
                    >
                      <title
                        id="random_html_id"
                      >
                        Bar
                      </title>
                      <path
                        d="M5.277 10.088c.02.014.04.03.057.047.582.55 1.134.812 1.666.812.586 0 1.84-.293 3.713-.88L9 6.212V2H7v4.212l-1.723 3.876Zm-.438.987L3.539 14h8.922l-1.32-2.969C9.096 11.677 7.733 12 7 12c-.74 0-1.463-.315-2.161-.925ZM6 2H5V1h6v1h-1v4l3.375 7.594A1 1 0 0 1 12.461 15H3.54a1 1 0 0 1-.914-1.406L6 6V2Z"
                      />
                    </svg>
                    <span
                      class="euiButton__text euiButtonGroupButton__textShift"
                      data-text="Bar"
                      title="Bar"
                    >
                      <input
                        class="euiScreenReaderOnly"
                        data-test-subj="bar"
                        id="random_html_id"
                        name="random_html_id"
                        type="radio"
                        value=""
                      />
                      Bar
                    </span>
                  </span>
                </label>
              </div>
            </fieldset>
          </div>
          <div
            class="euiSpacer euiSpacer--l"
          />
          <div
            class="euiTextAlign euiTextAlign--center"
          >
            <div
              class="euiSpacer euiSpacer--xl"
            />
            <div
              class="euiText euiText--medium"
            >
              <div
                class="euiTextColor euiTextColor--subdued"
              >
                <p>
                  No data available
                </p>
              </div>
            </div>
            <div
              class="euiSpacer euiSpacer--xl"
            />
          </div>
        </div>
      </div>
      <div
        class="euiFlexItem"
      >
        <div
          class="euiPanel euiPanel--paddingMedium euiPanel--borderRadiusMedium euiPanel--plain euiPanel--hasShadow"
        >
          <div
            class="euiFlexGroup euiFlexGroup--gutterLarge euiFlexGroup--alignItemsCenter euiFlexGroup--justifyContentSpaceBetween euiFlexGroup--directionRow euiFlexGroup--responsive"
          >
            <p
              class="euiTitle euiTitle--xsmall"
            >
              Queries by Index
            </p>
            <fieldset
              class="euiButtonGroup euiButtonGroup--small euiButtonGroup--primary"
            >
              <legend
                class="euiScreenReaderOnly"
              >
                Chart Type
              </legend>
              <div
                class="euiButtonGroup__buttons"
              >
                <label
                  class="euiButtonGroupButton euiButtonGroupButton--primary euiButtonGroupButton--small euiButtonGroupButton--fill euiButtonGroupButton-isSelected"
                  for="random_html_id"
                >
                  <span
                    class="euiButtonContent euiButton__content"
                  >
                    <svg
                      aria-hidden="true"
                      aria-labelledby="random_html_id"
                      class="euiIcon euiIcon--medium euiIcon--inherit euiIcon-isLoading euiButtonContent__icon"
                      focusable="false"
                      height="16"
                      role="img"
                      viewBox="0 0 16 16"
                      width="16"
                      xmlns="http://www.w3.org/2000/svg"
                    >
                      <title
                        id="random_html_id"
                      >
                        Donut
                      </title>
                      <path
                        d="M5.277 10.088c.02.014.04.03.057.047.582.55 1.134.812 1.666.812.586 0 1.84-.293 3.713-.88L9 6.212V2H7v4.212l-1.723 3.876Zm-.438.987L3.539 14h8.922l-1.32-2.969C9.096 11.677 7.733 12 7 12c-.74 0-1.463-.315-2.161-.925ZM6 2H5V1h6v1h-1v4l3.375 7.594A1 1 0 0 1 12.461 15H3.54a1 1 0 0 1-.914-1.406L6 6V2Z"
                      />
                    </svg>
                    <span
                      class="euiButton__text euiButtonGroupButton__textShift"
                      data-text="Donut"
                      title="Donut"
                    >
                      <input
                        checked=""
                        class="euiScreenReaderOnly"
                        data-test-subj="donut"
                        id="random_html_id"
                        name="random_html_id"
                        type="radio"
                        value=""
                      />
                      Donut
                    </span>
                  </span>
                </label>
                <label
                  class="euiButtonGroupButton euiButtonGroupButton--primary euiButtonGroupButton--small"
                  for="random_html_id"
                >
                  <span
                    class="euiButtonContent euiButton__content"
                  >
                    <svg
                      aria-hidden="true"
                      aria-labelledby="random_html_id"
                      class="euiIcon euiIcon--medium euiIcon--inherit euiIcon-isLoading euiButtonContent__icon"
                      focusable="false"
                      height="16"
                      role="img"
                      viewBox="0 0 16 16"
                      width="16"
                      xmlns="http://www.w3.org/2000/svg"
                    >
                      <title
                        id="random_html_id"
                      >
                        Bar
                      </title>
                      <path
                        d="M5.277 10.088c.02.014.04.03.057.047.582.55 1.134.812 1.666.812.586 0 1.84-.293 3.713-.88L9 6.212V2H7v4.212l-1.723 3.876Zm-.438.987L3.539 14h8.922l-1.32-2.969C9.096 11.677 7.733 12 7 12c-.74 0-1.463-.315-2.161-.925ZM6 2H5V1h6v1h-1v4l3.375 7.594A1 1 0 0 1 12.461 15H3.54a1 1 0 0 1-.914-1.406L6 6V2Z"
                      />
                    </svg>
                    <span
                      class="euiButton__text euiButtonGroupButton__textShift"
                      data-text="Bar"
                      title="Bar"
                    >
                      <input
                        class="euiScreenReaderOnly"
                        data-test-subj="bar"
                        id="random_html_id"
                        name="random_html_id"
                        type="radio"
                        value=""
                      />
                      Bar
                    </span>
                  </span>
                </label>
              </div>
            </fieldset>
          </div>
          <div
            class="euiSpacer euiSpacer--l"
          />
          <div
            class="euiTextAlign euiTextAlign--center"
          >
            <div
              class="euiSpacer euiSpacer--xl"
            />
            <div
              class="euiText euiText--medium"
            >
              <div
                class="euiTextColor euiTextColor--subdued"
              >
                <p>
                  No data available
                </p>
              </div>
            </div>
            <div
              class="euiSpacer euiSpacer--xl"
            />
          </div>
        </div>
      </div>
    </div>
    <div
      class="euiSpacer euiSpacer--m"
    />
    <div
      class="euiPanel euiPanel--paddingMedium euiPanel--borderRadiusMedium euiPanel--plain euiPanel--hasShadow"
    >
      <div>
        <div
          class="euiFlexGroup euiFlexGroup--gutterMedium euiFlexGroup--alignItemsCenter euiFlexGroup--directionRow euiFlexGroup--responsive euiFlexGroup--wrap"
        >
          <div
            class="euiFlexItem euiSearchBar__searchHolder"
          >
            <div
              class="euiFormControlLayout euiFormControlLayout--fullWidth"
            >
              <div
                class="euiFormControlLayout__childrenWrapper"
              >
                <input
                  aria-label="This is a search bar. After typing your query, hit enter to filter the results lower in the page."
                  class="euiFieldSearch euiFieldSearch--fullWidth"
                  placeholder="Search queries"
                  type="search"
                  value=""
                />
                <div
                  class="euiFormControlLayoutIcons"
                >
                  <span
                    class="euiFormControlLayoutCustomIcon"
                  >
                    <svg
                      aria-hidden="true"
                      class="euiIcon euiIcon--medium euiIcon-isLoading euiFormControlLayoutCustomIcon__icon"
                      focusable="false"
                      height="16"
                      role="img"
                      viewBox="0 0 16 16"
                      width="16"
                      xmlns="http://www.w3.org/2000/svg"
                    >
                      <path
                        d="M5.277 10.088c.02.014.04.03.057.047.582.55 1.134.812 1.666.812.586 0 1.84-.293 3.713-.88L9 6.212V2H7v4.212l-1.723 3.876Zm-.438.987L3.539 14h8.922l-1.32-2.969C9.096 11.677 7.733 12 7 12c-.74 0-1.463-.315-2.161-.925ZM6 2H5V1h6v1h-1v4l3.375 7.594A1 1 0 0 1 12.461 15H3.54a1 1 0 0 1-.914-1.406L6 6V2Z"
                      />
                    </svg>
                  </span>
                </div>
              </div>
            </div>
          </div>
          <div
            class="euiFlexItem euiFlexItem--flexGrowZero euiSearchBar__filtersHolder"
          >
            <div
              class="euiFilterGroup"
            >
              <div
                class="euiPopover euiPopover--anchorDownCenter"
                id="field_value_selection_0"
              >
                <div
                  class="euiPopover__anchor"
                >
                  <button
                    class="euiButtonEmpty euiButtonEmpty--text euiFilterButton euiFilterButton--hasIcon"
                    type="button"
                  >
                    <span
                      class="euiButtonContent euiButtonContent--iconRight euiButtonEmpty__content"
                    >
                      <svg
                        aria-hidden="true"
                        class="euiIcon euiIcon--medium euiIcon--inherit euiIcon-isLoading euiButtonContent__icon"
                        focusable="false"
                        height="16"
                        role="img"
                        viewBox="0 0 16 16"
                        width="16"
                        xmlns="http://www.w3.org/2000/svg"
                      >
                        <path
                          d="M5.277 10.088c.02.014.04.03.057.047.582.55 1.134.812 1.666.812.586 0 1.84-.293 3.713-.88L9 6.212V2H7v4.212l-1.723 3.876Zm-.438.987L3.539 14h8.922l-1.32-2.969C9.096 11.677 7.733 12 7 12c-.74 0-1.463-.315-2.161-.925ZM6 2H5V1h6v1h-1v4l3.375 7.594A1 1 0 0 1 12.461 15H3.54a1 1 0 0 1-.914-1.406L6 6V2Z"
                        />
                      </svg>
                      <span
                        class="euiButtonEmpty__text"
                      >
                        <span
                          class="euiFilterButton__textShift"
                          data-text="Index"
                          title="Index"
                        >
                          Index
                        </span>
                      </span>
                    </span>
                  </button>
                </div>
              </div>
              <div
                class="euiPopover euiPopover--anchorDownCenter"
                id="field_value_selection_1"
              >
                <div
                  class="euiPopover__anchor"
                >
                  <button
                    class="euiButtonEmpty euiButtonEmpty--text euiFilterButton euiFilterButton--hasIcon"
                    type="button"
                  >
                    <span
                      class="euiButtonContent euiButtonContent--iconRight euiButtonEmpty__content"
                    >
                      <svg
                        aria-hidden="true"
                        class="euiIcon euiIcon--medium euiIcon--inherit euiIcon-isLoading euiButtonContent__icon"
                        focusable="false"
                        height="16"
                        role="img"
                        viewBox="0 0 16 16"
                        width="16"
                        xmlns="http://www.w3.org/2000/svg"
                      >
                        <path
                          d="M5.277 10.088c.02.014.04.03.057.047.582.55 1.134.812 1.666.812.586 0 1.84-.293 3.713-.88L9 6.212V2H7v4.212l-1.723 3.876Zm-.438.987L3.539 14h8.922l-1.32-2.969C9.096 11.677 7.733 12 7 12c-.74 0-1.463-.315-2.161-.925ZM6 2H5V1h6v1h-1v4l3.375 7.594A1 1 0 0 1 12.461 15H3.54a1 1 0 0 1-.914-1.406L6 6V2Z"
                        />
                      </svg>
                      <span
                        class="euiButtonEmpty__text"
                      >
                        <span
                          class="euiFilterButton__textShift"
                          data-text="Search type"
                          title="Search type"
                        >
                          Search type
                        </span>
                      </span>
                    </span>
                  </button>
                </div>
              </div>
              <div
                class="euiPopover euiPopover--anchorDownCenter"
                id="field_value_selection_2"
              >
                <div
                  class="euiPopover__anchor"
                >
                  <button
                    class="euiButtonEmpty euiButtonEmpty--text euiFilterButton euiFilterButton--hasIcon"
                    type="button"
                  >
                    <span
                      class="euiButtonContent euiButtonContent--iconRight euiButtonEmpty__content"
                    >
                      <svg
                        aria-hidden="true"
                        class="euiIcon euiIcon--medium euiIcon--inherit euiIcon-isLoading euiButtonContent__icon"
                        focusable="false"
                        height="16"
                        role="img"
                        viewBox="0 0 16 16"
                        width="16"
                        xmlns="http://www.w3.org/2000/svg"
                      >
                        <path
                          d="M5.277 10.088c.02.014.04.03.057.047.582.55 1.134.812 1.666.812.586 0 1.84-.293 3.713-.88L9 6.212V2H7v4.212l-1.723 3.876Zm-.438.987L3.539 14h8.922l-1.32-2.969C9.096 11.677 7.733 12 7 12c-.74 0-1.463-.315-2.161-.925ZM6 2H5V1h6v1h-1v4l3.375 7.594A1 1 0 0 1 12.461 15H3.54a1 1 0 0 1-.914-1.406L6 6V2Z"
                        />
                      </svg>
                      <span
                        class="euiButtonEmpty__text"
                      >
                        <span
                          class="euiFilterButton__textShift"
                          data-text="Coordinator Node ID"
                          title="Coordinator Node ID"
                        >
                          Coordinator Node ID
                        </span>
                      </span>
                    </span>
                  </button>
                </div>
              </div>
            </div>
          </div>
          <div
            class="euiFlexItem euiFlexItem--flexGrowZero"
          >
            <button
              class="euiButton euiButton--primary"
              type="button"
            >
              <span
                class="euiButtonContent euiButton__content"
              >
                <svg
                  aria-hidden="true"
                  class="euiIcon euiIcon--medium euiIcon--inherit euiIcon-isLoading euiButtonContent__icon"
                  focusable="false"
                  height="16"
                  role="img"
                  viewBox="0 0 16 16"
                  width="16"
                  xmlns="http://www.w3.org/2000/svg"
                >
                  <path
                    d="M5.277 10.088c.02.014.04.03.057.047.582.55 1.134.812 1.666.812.586 0 1.84-.293 3.713-.88L9 6.212V2H7v4.212l-1.723 3.876Zm-.438.987L3.539 14h8.922l-1.32-2.969C9.096 11.677 7.733 12 7 12c-.74 0-1.463-.315-2.161-.925ZM6 2H5V1h6v1h-1v4l3.375 7.594A1 1 0 0 1 12.461 15H3.54a1 1 0 0 1-.914-1.406L6 6V2Z"
                  />
                </svg>
                <span
                  class="euiButton__text"
                >
                  Refresh
                </span>
              </span>
            </button>
          </div>
        </div>
        <div
          class="euiSpacer euiSpacer--l"
        />
        <div
          class="euiBasicTable euiBasicTable-loading"
        >
          <div>
            <div
              class="euiTableHeaderMobile"
            >
              <div
                class="euiFlexGroup euiFlexGroup--gutterLarge euiFlexGroup--alignItemsBaseline euiFlexGroup--justifyContentSpaceBetween euiFlexGroup--directionRow"
              >
                <div
                  class="euiFlexItem euiFlexItem--flexGrowZero"
                >
                  <div
                    class="euiCheckbox"
                  >
                    <input
                      aria-label="Select all rows"
                      class="euiCheckbox__input"
                      disabled=""
                      id="_selection_column-checkbox_random_html_id"
                      type="checkbox"
                    />
                    <div
                      class="euiCheckbox__square"
                    />
                    <label
                      class="euiCheckbox__label"
                      for="_selection_column-checkbox_random_html_id"
                    >
                      Select all rows
                    </label>
                  </div>
                </div>
                <div
                  class="euiFlexItem euiFlexItem--flexGrowZero"
                />
              </div>
            </div>
            <table
              class="euiTable euiTable--responsive"
              id="random_html_id"
              tabindex="-1"
            >
              <caption
                class="euiScreenReaderOnly euiTableCaption"
              />
              <thead>
                <tr>
                  <th
                    class="euiTableHeaderCellCheckbox"
                    scope="col"
                  >
                    <div
                      class="euiTableCellContent"
                    >
                      <div
                        class="euiCheckbox euiCheckbox--inList euiCheckbox--noLabel"
                      >
                        <input
                          aria-label="Select all rows"
                          class="euiCheckbox__input"
                          data-test-subj="checkboxSelectAll"
                          disabled=""
                          id="_selection_column-checkbox_random_html_id"
                          type="checkbox"
                        />
                        <div
                          class="euiCheckbox__square"
                        />
                      </div>
                    </div>
                  </th>
                  <th
                    class="euiTableHeaderCell"
                    data-test-subj="tableHeaderCell_Timestamp_0"
                    role="columnheader"
                    scope="col"
                  >
                    <span
                      class="euiTableCellContent"
                    >
                      <span
                        class="euiTableCellContent__text"
                        title="Timestamp"
                      >
                        Timestamp
                      </span>
                    </span>
                  </th>
                  <th
                    class="euiTableHeaderCell"
                    data-test-subj="tableHeaderCell_id_1"
                    role="columnheader"
                    scope="col"
                  >
                    <span
                      class="euiTableCellContent"
                    >
                      <span
                        class="euiTableCellContent__text"
                        title="Task ID"
                      >
                        Task ID
                      </span>
                    </span>
                  </th>
                  <th
                    class="euiTableHeaderCell"
                    data-test-subj="tableHeaderCell_index_2"
                    role="columnheader"
                    scope="col"
                  >
                    <span
                      class="euiTableCellContent"
                    >
                      <span
                        class="euiTableCellContent__text"
                        title="Index"
                      >
                        Index
                      </span>
                    </span>
                  </th>
                  <th
                    class="euiTableHeaderCell"
                    data-test-subj="tableHeaderCell_coordinator_node_3"
                    role="columnheader"
                    scope="col"
                  >
                    <span
                      class="euiTableCellContent"
                    >
                      <span
                        class="euiTableCellContent__text"
                        title="Coordinator node"
                      >
                        Coordinator node
                      </span>
                    </span>
                  </th>
                  <th
                    class="euiTableHeaderCell"
                    data-test-subj="tableHeaderCell_Time elapsed_4"
                    role="columnheader"
                    scope="col"
                  >
                    <span
                      class="euiTableCellContent"
                    >
                      <span
                        class="euiTableCellContent__text"
                        title="Time elapsed"
                      >
                        Time elapsed
                      </span>
                    </span>
                  </th>
                  <th
                    class="euiTableHeaderCell"
                    data-test-subj="tableHeaderCell_CPU usage_5"
                    role="columnheader"
                    scope="col"
                  >
                    <span
                      class="euiTableCellContent"
                    >
                      <span
                        class="euiTableCellContent__text"
                        title="CPU usage"
                      >
                        CPU usage
                      </span>
                    </span>
                  </th>
                  <th
                    class="euiTableHeaderCell"
                    data-test-subj="tableHeaderCell_Memory usage_6"
                    role="columnheader"
                    scope="col"
                  >
                    <span
                      class="euiTableCellContent"
                    >
                      <span
                        class="euiTableCellContent__text"
                        title="Memory usage"
                      >
                        Memory usage
                      </span>
                    </span>
                  </th>
                  <th
                    class="euiTableHeaderCell"
                    data-test-subj="tableHeaderCell_search_type_7"
                    role="columnheader"
                    scope="col"
                  >
                    <span
                      class="euiTableCellContent"
                    >
                      <span
                        class="euiTableCellContent__text"
                        title="Search type"
                      >
                        Search type
                      </span>
                    </span>
                  </th>
                  <th
                    class="euiTableHeaderCell"
                    data-test-subj="tableHeaderCell_Status_8"
                    role="columnheader"
                    scope="col"
                  >
                    <span
                      class="euiTableCellContent"
                    >
                      <span
                        class="euiTableCellContent__text"
                        title="Status"
                      >
                        Status
                      </span>
                    </span>
                  </th>
                  <th
                    class="euiTableHeaderCell"
                    role="columnheader"
                    scope="col"
                  >
                    <span
                      class="euiTableCellContent euiTableCellContent--alignRight"
                    >
                      <span
                        class="euiTableCellContent__text"
                        title="Actions"
                      >
                        Actions
                      </span>
                    </span>
                  </th>
                </tr>
              </thead>
              <tbody>
                <tr
                  class="euiTableRow"
                >
                  <td
                    class="euiTableRowCell euiTableRowCell--isMobileFullWidth"
                    colspan="11"
                  >
                    <div
                      class="euiTableCellContent euiTableCellContent--alignCenter"
                    >
                      <span
                        class="euiTableCellContent__text"
                      >
                        No items found
                      </span>
                    </div>
                  </td>
                </tr>
              </tbody>
            </table>
          </div>
        </div>
      </div>
    </div>
  </div>
</div>
`;
