// Jest Snapshot v1, https://goo.gl/fbAQLP

exports[`<QueryInsightsDashboardsApp /> spec renders the component 1`] = `
<div>
  <div
    style="padding: 35px 35px;"
  >
    <h1
      class="euiTitle euiTitle--large"
    >
      Query insights - Top N queries
    </h1>
    <div
      class="euiSpacer euiSpacer--l"
    />
    <div
      class="euiTabs"
      role="tablist"
    >
      <button
        aria-selected="false"
        class="euiTab"
        role="tab"
        type="button"
      >
        <span
          class="euiTab__content"
        >
          Live queries
        </span>
      </button>
      <button
        aria-selected="true"
        class="euiTab euiTab-isSelected"
        role="tab"
        type="button"
      >
        <span
          class="euiTab__content"
        >
          Top N queries
        </span>
      </button>
      <button
        aria-selected="false"
        class="euiTab"
        role="tab"
        type="button"
      >
        <span
          class="euiTab__content"
        >
          Configuration
        </span>
      </button>
    </div>
    <div
      class="euiSpacer euiSpacer--l"
    />
  </div>
</div>
`;
